// Jest Snapshot v1, https://goo.gl/fbAQLP

exports[`<Hamburger /> renders the component 1`] = `ShallowWrapper {}`;
