// Jest Snapshot v1, https://goo.gl/fbAQLP

exports[`<ViewportContextuProvider /> renders the component 1`] = `ReactWrapper {}`;
