// Jest Snapshot v1, https://goo.gl/fbAQLP

exports[`<SearchContextProvider /> renders the component 1`] = `ReactWrapper {}`;
