// Jest Snapshot v1, https://goo.gl/fbAQLP

exports[`<Theme /> renders the component 1`] = `ShallowWrapper {}`;
