// Jest Snapshot v1, https://goo.gl/fbAQLP

exports[`<NavContextProvider /> renders the component 1`] = `ReactWrapper {}`;
