// Jest Snapshot v1, https://goo.gl/fbAQLP

exports[`<SearchForm /> renders the component 1`] = `ShallowWrapper {}`;
