// Jest Snapshot v1, https://goo.gl/fbAQLP

exports[`<Logo /> renders a large logo 1`] = `ShallowWrapper {}`;

exports[`<Logo /> renders a medium logo 1`] = `ShallowWrapper {}`;

exports[`<Logo /> renders a small logo 1`] = `ShallowWrapper {}`;

exports[`<Logo /> renders as a black logo 1`] = `ShallowWrapper {}`;
