// Jest Snapshot v1, https://goo.gl/fbAQLP

exports[`<Icon /> renders the component 1`] = `ShallowWrapper {}`;
